// Jest Snapshot v1, https://goo.gl/fbAQLP

exports[`jest-image-snapshot usage with an image received from puppeteer works 1`] = `
Object {
  "checksum": "42272617caf4c6414cae2f236af653d2",
  "filename": "jest-image-snapshot-usage-with-an-image-received-from-puppeteer-works-1-snap.png",
  "type": "image",
}
`;
