// Jest Snapshot v1, https://goo.gl/fbAQLP

exports[`jest-image-snapshot usage with an image received from puppeteer works 1`] = `
Object {
  "checksum": "5a2cac5df879531d0e17a300d9477c21",
  "filename": "jest-image-snapshot-usage-with-an-image-received-from-puppeteer-works-1-snap.png",
  "type": "image",
}
`;
